// Jest Snapshot v1, https://goo.gl/fbAQLP

exports[`renders learn react link 1`] = `
<div>
  <main
    class="min-h-screen p-24"
  >
    <label>
      <input
        type="number"
        value=""
      />
       
      Celsius
    </label>
     
    =
     
    <label>
      <input
        type="number"
        value=""
      />
       
      Fahrenheit
    </label>
  </main>
</div>
`;
